14:03:11 **** Incremental Build of configuration Release for project pixy_m4 ****
make -r all 
Building file: ../src/pixy_init.cpp
Invoking: MCU C++ Compiler
arm-none-eabi-c++ -D__MULTICORE_NONE -DIPC_MASTER -DPIXY -D__NEWLIB__ -DNDEBUG -D__CODE_RED -DCORE_M4 -D__LPC43XX__ -I"C:\Users\ouroborus\Dropbox\Bacheloroppgave 2015\Utvikling og Kode\Pixy_3_3_15\gcc\pixy_m4\inc" -I"C:\Users\ouroborus\Dropbox\Bacheloroppgave 2015\Utvikling og Kode\Pixy_3_3_15\gcc\video\inc" -Os -Os -g -w -c -fmessage-length=0 -fno-builtin -ffunction-sections -fdata-sections -fno-rtti -fno-exceptions -fsingle-precision-constant -mcpu=cortex-m4 -mfpu=fpv4-sp-d16 -mfloat-abi=softfp -mthumb -D__NEWLIB__ -MMD -MP -MF"src/pixy_init.d" -MT"src/pixy_init.o" -MT"src/pixy_init.d" -o "src/pixy_init.o" "../src/pixy_init.cpp"
Finished building: ../src/pixy_init.cpp
 
Building target: libpixy_m4.a
Invoking: MCU Archiver
arm-none-eabi-ar -r  "libpixy_m4.a"  ./src/camera.o ./src/chirp.o ./src/crp.o ./src/debug_frmwrk.o ./src/fpu_init.o ./src/ipc_mbx.o ./src/led.o ./src/lpc43xx_adc.o ./src/lpc43xx_cgu.o ./src/lpc43xx_scu.o ./src/lpc43xx_ssp.o ./src/lpc43xx_uart.o ./src/misc.o ./src/param.o ./src/pixy_init.o ./src/platform_config.o ./src/power.o ./src/sccb.o ./src/smlink.o ./src/usbcore.o ./src/usbdesc.o ./src/usbhw.o ./src/usblink.o ./src/usbuser.o   
c:\nxp\LPCXpresso_7.6.2_326\lpcxpresso\tools\bin\arm-none-eabi-ar.exe: creating libpixy_m4.a
Finished building target: libpixy_m4.a
 
make --no-print-directory post-build
Performing post-build steps
arm-none-eabi-size "libpixy_m4.a" ; # arm-none-eabi-objdump -h -S "libpixy_m4.a" >"libpixy_m4.lss"
   text	   data	    bss	    dec	    hex	filename
   1619	     10	     13	   1642	    66a	camera.o (ex libpixy_m4.a)
   4480	      0	      0	   4480	   1180	chirp.o (ex libpixy_m4.a)
      4	      0	      0	      4	      4	crp.o (ex libpixy_m4.a)
    826	      0	      0	    826	    33a	debug_frmwrk.o (ex libpixy_m4.a)
     72	      0	      0	     72	     48	fpu_init.o (ex libpixy_m4.a)
    678	      0	      0	    678	    2a6	ipc_mbx.o (ex libpixy_m4.a)
   1551	      0	     33	   1584	    630	led.o (ex libpixy_m4.a)
    282	      0	      0	    282	    11a	lpc43xx_adc.o (ex libpixy_m4.a)
   2845	     68	      0	   2913	    b61	lpc43xx_cgu.o (ex libpixy_m4.a)
     20	      0	      0	     20	     14	lpc43xx_scu.o (ex libpixy_m4.a)
    704	      0	      0	    704	    2c0	lpc43xx_ssp.o (ex libpixy_m4.a)
   1416	      0	      0	   1416	    588	lpc43xx_uart.o (ex libpixy_m4.a)
    284	      0	      4	    288	    120	misc.o (ex libpixy_m4.a)
   1904	      0	      1	   1905	    771	param.o (ex libpixy_m4.a)
    698	      0	     13	    711	    2c7	pixy_init.o (ex libpixy_m4.a)
    928	      0	      0	    928	    3a0	platform_config.o (ex libpixy_m4.a)
    130	      0	      0	    130	     82	power.o (ex libpixy_m4.a)
    558	      0	      0	    558	    22e	sccb.o (ex libpixy_m4.a)
    246	      0	      0	    246	     f6	smlink.o (ex libpixy_m4.a)
   1906	      0	      0	   1906	    772	usbcore.o (ex libpixy_m4.a)
    312	      0	      0	    312	    138	usbdesc.o (ex libpixy_m4.a)
   1742	      0	     20	   1762	    6e2	usbhw.o (ex libpixy_m4.a)
    362	      0	     68	    430	    1ae	usblink.o (ex libpixy_m4.a)
    523	      0	     38	    561	    231	usbuser.o (ex libpixy_m4.a)
 
14:03:17 **** Incremental Build of configuration SPIFI for project video ****
make -r all 
Building file: ../src/cr_cpp_config.cpp
Invoking: MCU C++ Compiler
arm-none-eabi-c++ -D__MULTICORE_MASTER -DIPC_MASTER -DPIXY -D__NEWLIB__ -DNDEBUG -D__CODE_RED -DCORE_M4 -DCPP_USE_HEAP -D__LPC43XX__ -DLPC43_MULTICORE_M0APP -D__MULTICORE_MASTER_SLAVE_M0APP -I"C:\Users\ouroborus\Dropbox\Bacheloroppgave 2015\Utvikling og Kode\Pixy_3_3_15\gcc\video\inc" -I"C:\Users\ouroborus\Dropbox\Bacheloroppgave 2015\Utvikling og Kode\Pixy_3_3_15\gcc\pixy_m4\inc" -O1 -Os -g3 -w -c -fmessage-length=0 -fno-builtin -ffunction-sections -fdata-sections -fno-rtti -fno-exceptions -fsingle-precision-constant -mcpu=cortex-m4 -mfpu=fpv4-sp-d16 -mfloat-abi=softfp -mthumb -D__NEWLIB__ -MMD -MP -MF"src/cr_cpp_config.d" -MT"src/cr_cpp_config.o" -MT"src/cr_cpp_config.d" -o "src/cr_cpp_config.o" "../src/cr_cpp_config.cpp"
Finished building: ../src/cr_cpp_config.cpp
 
Building file: ../src/cr_start_m0.c
Invoking: MCU C Compiler
arm-none-eabi-gcc -DIPC_MASTER -DPIXY -D__MULTICORE_MASTER -DNDEBUG -D__CODE_RED -DCORE_M4 -DCPP_USE_HEAP -D__LPC43XX__ -DLPC43_MULTICORE_M0APP -D__MULTICORE_MASTER_SLAVE_M0APP -D__NEWLIB__ -I"C:\Users\ouroborus\Dropbox\Bacheloroppgave 2015\Utvikling og Kode\Pixy_3_3_15\gcc\video\inc" -I"C:\Users\ouroborus\Dropbox\Bacheloroppgave 2015\Utvikling og Kode\Pixy_3_3_15\gcc\pixy_m4\inc" -Os -g3 -w -c -fmessage-length=0 -fno-builtin -ffunction-sections -fdata-sections -fsingle-precision-constant -mcpu=cortex-m4 -mfpu=fpv4-sp-d16 -mfloat-abi=softfp -mthumb -D__NEWLIB__ -MMD -MP -MF"src/cr_start_m0.d" -MT"src/cr_start_m0.d" -o "src/cr_start_m0.o" "../src/cr_start_m0.c"
Finished building: ../src/cr_start_m0.c
 
Building file: ../src/cr_startup_lpc43xx.cpp
Invoking: MCU C++ Compiler
arm-none-eabi-c++ -D__MULTICORE_MASTER -DIPC_MASTER -DPIXY -D__NEWLIB__ -DNDEBUG -D__CODE_RED -DCORE_M4 -DCPP_USE_HEAP -D__LPC43XX__ -DLPC43_MULTICORE_M0APP -D__MULTICORE_MASTER_SLAVE_M0APP -I"C:\Users\ouroborus\Dropbox\Bacheloroppgave 2015\Utvikling og Kode\Pixy_3_3_15\gcc\video\inc" -I"C:\Users\ouroborus\Dropbox\Bacheloroppgave 2015\Utvikling og Kode\Pixy_3_3_15\gcc\pixy_m4\inc" -O1 -Os -g3 -w -c -fmessage-length=0 -fno-builtin -ffunction-sections -fdata-sections -fno-rtti -fno-exceptions -fsingle-precision-constant -mcpu=cortex-m4 -mfpu=fpv4-sp-d16 -mfloat-abi=softfp -mthumb -D__NEWLIB__ -MMD -MP -MF"src/cr_startup_lpc43xx.d" -MT"src/cr_startup_lpc43xx.o" -MT"src/cr_startup_lpc43xx.d" -o "src/cr_startup_lpc43xx.o" "../src/cr_startup_lpc43xx.cpp"
Finished building: ../src/cr_startup_lpc43xx.cpp
 
Building file: ../src/exec.cpp
Invoking: MCU C++ Compiler
arm-none-eabi-c++ -D__MULTICORE_MASTER -DIPC_MASTER -DPIXY -D__NEWLIB__ -DNDEBUG -D__CODE_RED -DCORE_M4 -DCPP_USE_HEAP -D__LPC43XX__ -DLPC43_MULTICORE_M0APP -D__MULTICORE_MASTER_SLAVE_M0APP -I"C:\Users\ouroborus\Dropbox\Bacheloroppgave 2015\Utvikling og Kode\Pixy_3_3_15\gcc\video\inc" -I"C:\Users\ouroborus\Dropbox\Bacheloroppgave 2015\Utvikling og Kode\Pixy_3_3_15\gcc\pixy_m4\inc" -O1 -Os -g3 -w -c -fmessage-length=0 -fno-builtin -ffunction-sections -fdata-sections -fno-rtti -fno-exceptions -fsingle-precision-constant -mcpu=cortex-m4 -mfpu=fpv4-sp-d16 -mfloat-abi=softfp -mthumb -D__NEWLIB__ -MMD -MP -MF"src/exec.d" -MT"src/exec.o" -MT"src/exec.d" -o "src/exec.o" "../src/exec.cpp"
Finished building: ../src/exec.cpp
 
Building file: ../src/flash.cpp
Invoking: MCU C++ Compiler
arm-none-eabi-c++ -D__MULTICORE_MASTER -DIPC_MASTER -DPIXY -D__NEWLIB__ -DNDEBUG -D__CODE_RED -DCORE_M4 -DCPP_USE_HEAP -D__LPC43XX__ -DLPC43_MULTICORE_M0APP -D__MULTICORE_MASTER_SLAVE_M0APP -I"C:\Users\ouroborus\Dropbox\Bacheloroppgave 2015\Utvikling og Kode\Pixy_3_3_15\gcc\video\inc" -I"C:\Users\ouroborus\Dropbox\Bacheloroppgave 2015\Utvikling og Kode\Pixy_3_3_15\gcc\pixy_m4\inc" -O1 -Os -g3 -w -c -fmessage-length=0 -fno-builtin -ffunction-sections -fdata-sections -fno-rtti -fno-exceptions -fsingle-precision-constant -mcpu=cortex-m4 -mfpu=fpv4-sp-d16 -mfloat-abi=softfp -mthumb -D__NEWLIB__ -MMD -MP -MF"src/flash.d" -MT"src/flash.o" -MT"src/flash.d" -o "src/flash.o" "../src/flash.cpp"
Finished building: ../src/flash.cpp
 
Building file: ../src/i2c.cpp
Invoking: MCU C++ Compiler
arm-none-eabi-c++ -D__MULTICORE_MASTER -DIPC_MASTER -DPIXY -D__NEWLIB__ -DNDEBUG -D__CODE_RED -DCORE_M4 -DCPP_USE_HEAP -D__LPC43XX__ -DLPC43_MULTICORE_M0APP -D__MULTICORE_MASTER_SLAVE_M0APP -I"C:\Users\ouroborus\Dropbox\Bacheloroppgave 2015\Utvikling og Kode\Pixy_3_3_15\gcc\video\inc" -I"C:\Users\ouroborus\Dropbox\Bacheloroppgave 2015\Utvikling og Kode\Pixy_3_3_15\gcc\pixy_m4\inc" -O1 -Os -g3 -w -c -fmessage-length=0 -fno-builtin -ffunction-sections -fdata-sections -fno-rtti -fno-exceptions -fsingle-precision-constant -mcpu=cortex-m4 -mfpu=fpv4-sp-d16 -mfloat-abi=softfp -mthumb -D__NEWLIB__ -MMD -MP -MF"src/i2c.d" -MT"src/i2c.o" -MT"src/i2c.d" -o "src/i2c.o" "../src/i2c.cpp"
Finished building: ../src/i2c.cpp
 
Building file: ../src/lpc43xx_i2c.c
Invoking: MCU C Compiler
arm-none-eabi-gcc -DIPC_MASTER -DPIXY -D__MULTICORE_MASTER -DNDEBUG -D__CODE_RED -DCORE_M4 -DCPP_USE_HEAP -D__LPC43XX__ -DLPC43_MULTICORE_M0APP -D__MULTICORE_MASTER_SLAVE_M0APP -D__NEWLIB__ -I"C:\Users\ouroborus\Dropbox\Bacheloroppgave 2015\Utvikling og Kode\Pixy_3_3_15\gcc\video\inc" -I"C:\Users\ouroborus\Dropbox\Bacheloroppgave 2015\Utvikling og Kode\Pixy_3_3_15\gcc\pixy_m4\inc" -Os -g3 -w -c -fmessage-length=0 -fno-builtin -ffunction-sections -fdata-sections -fsingle-precision-constant -mcpu=cortex-m4 -mfpu=fpv4-sp-d16 -mfloat-abi=softfp -mthumb -D__NEWLIB__ -MMD -MP -MF"src/lpc43xx_i2c.d" -MT"src/lpc43xx_i2c.o" -MT"src/lpc43xx_i2c.d" -o "src/lpc43xx_i2c.o" "../src/lpc43xx_i2c.c"
Finished building: ../src/lpc43xx_i2c.c
 
Building file: ../src/main_m4.cpp
Invoking: MCU C++ Compiler
arm-none-eabi-c++ -D__MULTICORE_MASTER -DIPC_MASTER -DPIXY -D__NEWLIB__ -DNDEBUG -D__CODE_RED -DCORE_M4 -DCPP_USE_HEAP -D__LPC43XX__ -DLPC43_MULTICORE_M0APP -D__MULTICORE_MASTER_SLAVE_M0APP -I"C:\Users\ouroborus\Dropbox\Bacheloroppgave 2015\Utvikling og Kode\Pixy_3_3_15\gcc\video\inc" -I"C:\Users\ouroborus\Dropbox\Bacheloroppgave 2015\Utvikling og Kode\Pixy_3_3_15\gcc\pixy_m4\inc" -O1 -Os -g3 -w -c -fmessage-length=0 -fno-builtin -ffunction-sections -fdata-sections -fno-rtti -fno-exceptions -fsingle-precision-constant -mcpu=cortex-m4 -mfpu=fpv4-sp-d16 -mfloat-abi=softfp -mthumb -D__NEWLIB__ -MMD -MP -MF"src/main_m4.d" -MT"src/main_m4.o" -MT"src/main_m4.d" -o "src/main_m4.o" "../src/main_m4.cpp"
Finished building: ../src/main_m4.cpp
 
Building file: ../src/proggreyshades.cpp
Invoking: MCU C++ Compiler
arm-none-eabi-c++ -D__MULTICORE_MASTER -DIPC_MASTER -DPIXY -D__NEWLIB__ -DNDEBUG -D__CODE_RED -DCORE_M4 -DCPP_USE_HEAP -D__LPC43XX__ -DLPC43_MULTICORE_M0APP -D__MULTICORE_MASTER_SLAVE_M0APP -I"C:\Users\ouroborus\Dropbox\Bacheloroppgave 2015\Utvikling og Kode\Pixy_3_3_15\gcc\video\inc" -I"C:\Users\ouroborus\Dropbox\Bacheloroppgave 2015\Utvikling og Kode\Pixy_3_3_15\gcc\pixy_m4\inc" -O1 -Os -g3 -w -c -fmessage-length=0 -fno-builtin -ffunction-sections -fdata-sections -fno-rtti -fno-exceptions -fsingle-precision-constant -mcpu=cortex-m4 -mfpu=fpv4-sp-d16 -mfloat-abi=softfp -mthumb -D__NEWLIB__ -MMD -MP -MF"src/proggreyshades.d" -MT"src/proggreyshades.o" -MT"src/proggreyshades.d" -o "src/proggreyshades.o" "../src/proggreyshades.cpp"
Finished building: ../src/proggreyshades.cpp
 
Building file: ../src/serial.cpp
Invoking: MCU C++ Compiler
arm-none-eabi-c++ -D__MULTICORE_MASTER -DIPC_MASTER -DPIXY -D__NEWLIB__ -DNDEBUG -D__CODE_RED -DCORE_M4 -DCPP_USE_HEAP -D__LPC43XX__ -DLPC43_MULTICORE_M0APP -D__MULTICORE_MASTER_SLAVE_M0APP -I"C:\Users\ouroborus\Dropbox\Bacheloroppgave 2015\Utvikling og Kode\Pixy_3_3_15\gcc\video\inc" -I"C:\Users\ouroborus\Dropbox\Bacheloroppgave 2015\Utvikling og Kode\Pixy_3_3_15\gcc\pixy_m4\inc" -O1 -Os -g3 -w -c -fmessage-length=0 -fno-builtin -ffunction-sections -fdata-sections -fno-rtti -fno-exceptions -fsingle-precision-constant -mcpu=cortex-m4 -mfpu=fpv4-sp-d16 -mfloat-abi=softfp -mthumb -D__NEWLIB__ -MMD -MP -MF"src/serial.d" -MT"src/serial.o" -MT"src/serial.d" -o "src/serial.o" "../src/serial.cpp"
Finished building: ../src/serial.cpp
 
Building file: ../src/spi.cpp
Invoking: MCU C++ Compiler
arm-none-eabi-c++ -D__MULTICORE_MASTER -DIPC_MASTER -DPIXY -D__NEWLIB__ -DNDEBUG -D__CODE_RED -DCORE_M4 -DCPP_USE_HEAP -D__LPC43XX__ -DLPC43_MULTICORE_M0APP -D__MULTICORE_MASTER_SLAVE_M0APP -I"C:\Users\ouroborus\Dropbox\Bacheloroppgave 2015\Utvikling og Kode\Pixy_3_3_15\gcc\video\inc" -I"C:\Users\ouroborus\Dropbox\Bacheloroppgave 2015\Utvikling og Kode\Pixy_3_3_15\gcc\pixy_m4\inc" -O1 -Os -g3 -w -c -fmessage-length=0 -fno-builtin -ffunction-sections -fdata-sections -fno-rtti -fno-exceptions -fsingle-precision-constant -mcpu=cortex-m4 -mfpu=fpv4-sp-d16 -mfloat-abi=softfp -mthumb -D__NEWLIB__ -MMD -MP -MF"src/spi.d" -MT"src/spi.o" -MT"src/spi.d" -o "src/spi.o" "../src/spi.cpp"
Finished building: ../src/spi.cpp
 
Building file: ../src/system_LPC43xx.c
Invoking: MCU C Compiler
arm-none-eabi-gcc -DIPC_MASTER -DPIXY -D__MULTICORE_MASTER -DNDEBUG -D__CODE_RED -DCORE_M4 -DCPP_USE_HEAP -D__LPC43XX__ -DLPC43_MULTICORE_M0APP -D__MULTICORE_MASTER_SLAVE_M0APP -D__NEWLIB__ -I"C:\Users\ouroborus\Dropbox\Bacheloroppgave 2015\Utvikling og Kode\Pixy_3_3_15\gcc\video\inc" -I"C:\Users\ouroborus\Dropbox\Bacheloroppgave 2015\Utvikling og Kode\Pixy_3_3_15\gcc\pixy_m4\inc" -Os -g3 -w -c -fmessage-length=0 -fno-builtin -ffunction-sections -fdata-sections -fsingle-precision-constant -mcpu=cortex-m4 -mfpu=fpv4-sp-d16 -mfloat-abi=softfp -mthumb -D__NEWLIB__ -MMD -MP -MF"src/system_LPC43xx.d" -MT"src/system_LPC43xx.o" -MT"src/system_LPC43xx.d" -o "src/system_LPC43xx.o" "../src/system_LPC43xx.c"
Finished building: ../src/system_LPC43xx.c
 
Building file: ../src/uart.cpp
Invoking: MCU C++ Compiler
arm-none-eabi-c++ -D__MULTICORE_MASTER -DIPC_MASTER -DPIXY -D__NEWLIB__ -DNDEBUG -D__CODE_RED -DCORE_M4 -DCPP_USE_HEAP -D__LPC43XX__ -DLPC43_MULTICORE_M0APP -D__MULTICORE_MASTER_SLAVE_M0APP -I"C:\Users\ouroborus\Dropbox\Bacheloroppgave 2015\Utvikling og Kode\Pixy_3_3_15\gcc\video\inc" -I"C:\Users\ouroborus\Dropbox\Bacheloroppgave 2015\Utvikling og Kode\Pixy_3_3_15\gcc\pixy_m4\inc" -O1 -Os -g3 -w -c -fmessage-length=0 -fno-builtin -ffunction-sections -fdata-sections -fno-rtti -fno-exceptions -fsingle-precision-constant -mcpu=cortex-m4 -mfpu=fpv4-sp-d16 -mfloat-abi=softfp -mthumb -D__NEWLIB__ -MMD -MP -MF"src/uart.d" -MT"src/uart.o" -MT"src/uart.d" -o "src/uart.o" "../src/uart.cpp"
Finished building: ../src/uart.cpp
 
Building target: video.axf
Invoking: MCU C++ Linker
arm-none-eabi-c++ -nostdlib -L"C:\Users\ouroborus\Dropbox\Bacheloroppgave 2015\Utvikling og Kode\Pixy_3_3_15\gcc\video\src" -L"C:\Users\ouroborus\Dropbox\Bacheloroppgave 2015\Utvikling og Kode\Pixy_3_3_15\gcc\pixy_m4\Release" -Xlinker -Map="video.map" -Xlinker --gc-sections -mcpu=cortex-m4 -mfpu=fpv4-sp-d16 -mfloat-abi=softfp -mthumb -T "SPIFI_link_template.ld" -L ../linkscripts -o "video.axf"  ./src/cr_cpp_config.o ./src/cr_start_m0.o ./src/cr_startup_lpc43xx.o ./src/exec.o ./src/flash.o ./src/i2c.o ./src/lpc43xx_i2c.o ./src/main_m4.o ./src/proggreyshades.o ./src/serial.o ./src/spi.o ./src/system_LPC43xx.o ./src/uart.o  C:/Users/ouroborus/Dropbox/Bacheloroppgave\ 2015/Utvikling\ og\ Kode/Pixy_3_3_15/gcc/m0/Release/m0.axf.o -lfalcon_m4_spifi_drv -lpixy_m4
c:/nxp/lpcxpresso_7.6.2_326/lpcxpresso/tools/bin/../lib/gcc/arm-none-eabi/4.9.3/../../../../arm-none-eabi/bin/ld.exe: warning: C:\Users\ouroborus\Dropbox\Bacheloroppgave 2015\Utvikling og Kode\Pixy_3_3_15\gcc\video\src\libfalcon_m4_spifi_drv.a(spifi_rom_api.o) uses 2-byte wchar_t yet the output is to use 4-byte wchar_t; use of wchar_t values across objects may fail
c:/nxp/lpcxpresso_7.6.2_326/lpcxpresso/tools/bin/../lib/gcc/arm-none-eabi/4.9.3/../../../../arm-none-eabi/bin/ld.exe: warning: C:\Users\ouroborus\Dropbox\Bacheloroppgave 2015\Utvikling og Kode\Pixy_3_3_15\gcc\video\src\libfalcon_m4_spifi_drv.a(falcon_details.o) uses 2-byte wchar_t yet the output is to use 4-byte wchar_t; use of wchar_t values across objects may fail
c:/nxp/lpcxpresso_7.6.2_326/lpcxpresso/tools/bin/../lib/gcc/arm-none-eabi/4.9.3/../../../../arm-none-eabi/bin/ld.exe: warning: C:\Users\ouroborus\Dropbox\Bacheloroppgave 2015\Utvikling og Kode\Pixy_3_3_15\gcc\video\src\libfalcon_m4_spifi_drv.a(amic.o) uses 2-byte wchar_t yet the output is to use 4-byte wchar_t; use of wchar_t values across objects may fail
c:/nxp/lpcxpresso_7.6.2_326/lpcxpresso/tools/bin/../lib/gcc/arm-none-eabi/4.9.3/../../../../arm-none-eabi/bin/ld.exe: warning: C:\Users\ouroborus\Dropbox\Bacheloroppgave 2015\Utvikling og Kode\Pixy_3_3_15\gcc\video\src\libfalcon_m4_spifi_drv.a(atmel.o) uses 2-byte wchar_t yet the output is to use 4-byte wchar_t; use of wchar_t values across objects may fail
c:/nxp/lpcxpresso_7.6.2_326/lpcxpresso/tools/bin/../lib/gcc/arm-none-eabi/4.9.3/../../../../arm-none-eabi/bin/ld.exe: warning: C:\Users\ouroborus\Dropbox\Bacheloroppgave 2015\Utvikling og Kode\Pixy_3_3_15\gcc\video\src\libfalcon_m4_spifi_drv.a(chi.o) uses 2-byte wchar_t yet the output is to use 4-byte wchar_t; use of wchar_t values across objects may fail
c:/nxp/lpcxpresso_7.6.2_326/lpcxpresso/tools/bin/../lib/gcc/arm-none-eabi/4.9.3/../../../../arm-none-eabi/bin/ld.exe: warning: C:\Users\ouroborus\Dropbox\Bacheloroppgave 2015\Utvikling og Kode\Pixy_3_3_15\gcc\video\src\libfalcon_m4_spifi_drv.a(eon.o) uses 2-byte wchar_t yet the output is to use 4-byte wchar_t; use of wchar_t values across objects may fail
c:/nxp/lpcxpresso_7.6.2_326/lpcxpresso/tools/bin/../lib/gcc/arm-none-eabi/4.9.3/../../../../arm-none-eabi/bin/ld.exe: warning: C:\Users\ouroborus\Dropbox\Bacheloroppgave 2015\Utvikling og Kode\Pixy_3_3_15\gcc\video\src\libfalcon_m4_spifi_drv.a(esmt.o) uses 2-byte wchar_t yet the output is to use 4-byte wchar_t; use of wchar_t values across objects may fail
c:/nxp/lpcxpresso_7.6.2_326/lpcxpresso/tools/bin/../lib/gcc/arm-none-eabi/4.9.3/../../../../arm-none-eabi/bin/ld.exe: warning: C:\Users\ouroborus\Dropbox\Bacheloroppgave 2015\Utvikling og Kode\Pixy_3_3_15\gcc\video\src\libfalcon_m4_spifi_drv.a(giga.o) uses 2-byte wchar_t yet the output is to use 4-byte wchar_t; use of wchar_t values across objects may fail
c:/nxp/lpcxpresso_7.6.2_326/lpcxpresso/tools/bin/../lib/gcc/arm-none-eabi/4.9.3/../../../../arm-none-eabi/bin/ld.exe: warning: C:\Users\ouroborus\Dropbox\Bacheloroppgave 2015\Utvikling og Kode\Pixy_3_3_15\gcc\video\src\libfalcon_m4_spifi_drv.a(macronix.o) uses 2-byte wchar_t yet the output is to use 4-byte wchar_t; use of wchar_t values across objects may fail
c:/nxp/lpcxpresso_7.6.2_326/lpcxpresso/tools/bin/../lib/gcc/arm-none-eabi/4.9.3/../../../../arm-none-eabi/bin/ld.exe: warning: C:\Users\ouroborus\Dropbox\Bacheloroppgave 2015\Utvikling og Kode\Pixy_3_3_15\gcc\video\src\libfalcon_m4_spifi_drv.a(numonyx.o) uses 2-byte wchar_t yet the output is to use 4-byte wchar_t; use of wchar_t values across objects may fail
c:/nxp/lpcxpresso_7.6.2_326/lpcxpresso/tools/bin/../lib/gcc/arm-none-eabi/4.9.3/../../../../arm-none-eabi/bin/ld.exe: warning: C:\Users\ouroborus\Dropbox\Bacheloroppgave 2015\Utvikling og Kode\Pixy_3_3_15\gcc\video\src\libfalcon_m4_spifi_drv.a(spansion.o) uses 2-byte wchar_t yet the output is to use 4-byte wchar_t; use of wchar_t values across objects may fail
c:/nxp/lpcxpresso_7.6.2_326/lpcxpresso/tools/bin/../lib/gcc/arm-none-eabi/4.9.3/../../../../arm-none-eabi/bin/ld.exe: warning: C:\Users\ouroborus\Dropbox\Bacheloroppgave 2015\Utvikling og Kode\Pixy_3_3_15\gcc\video\src\libfalcon_m4_spifi_drv.a(sst.o) uses 2-byte wchar_t yet the output is to use 4-byte wchar_t; use of wchar_t values across objects may fail
c:/nxp/lpcxpresso_7.6.2_326/lpcxpresso/tools/bin/../lib/gcc/arm-none-eabi/4.9.3/../../../../arm-none-eabi/bin/ld.exe: warning: C:\Users\ouroborus\Dropbox\Bacheloroppgave 2015\Utvikling og Kode\Pixy_3_3_15\gcc\video\src\libfalcon_m4_spifi_drv.a(winbond.o) uses 2-byte wchar_t yet the output is to use 4-byte wchar_t; use of wchar_t values across objects may fail
Finished building target: video.axf
 
make --no-print-directory post-build
Performing post-build steps
arm-none-eabi-size "video.axf" ; arm-none-eabi-objcopy -v -O binary "video.axf" "video.bin" ; checksum -p LPC4330 -d "video.bin" ; arm-none-eabi-objcopy -I binary -O ihex video.bin video.hex
   text	   data	    bss	    dec	    hex	filename
  39952	    204	   2888	  43044	   a824	video.axf
copy from `video.axf' [elf32-littlearm] to `video.bin' [binary]
Created checksum 0x67ff7692 at offset 0x1c in file video.bin 
